2026-04-15 18:16:58,199 [INFO] ====================================
2026-04-15 18:16:58,199 [INFO] Prueba con matriz C, determinante e inversa con 10 ejecuciones (PY4J)
2026-04-15 18:16:58,228 [INFO] Visualización en Python (Listas):
2026-04-15 18:16:58,228 [INFO] [1.0, -3.0, 2.0]
2026-04-15 18:16:58,229 [INFO] [2.0, 5.0, 0.0]
2026-04-15 18:16:58,230 [INFO] [0.0, -1.0, -2.0]
2026-04-15 18:16:58,231 [INFO] Determinante: -26.0
2026-04-15 18:16:58,232 [INFO] La matriz es invertible.
2026-04-15 18:16:58,232 [INFO] Inversa:
2026-04-15 18:16:58,233 [INFO] [0.385, 0.308, 0.385]
2026-04-15 18:16:58,233 [INFO] [-0.154, 0.077, -0.154]
2026-04-15 18:16:58,234 [INFO] [0.077, -0.038, -0.423]
2026-04-15 18:16:58,259 [INFO] PROMEDIO PY4J: 0.005982 segundos
2026-04-15 18:16:58,259 [INFO] ====================================
2026-04-15 18:16:59,258 [INFO] ====================================
2026-04-15 18:16:59,258 [INFO] Prueba con matriz C, determinante e inversa con 10 ejecuciones (PY4J)
2026-04-15 18:16:59,264 [INFO] Visualización en Python (Listas):
2026-04-15 18:16:59,265 [INFO] [1.0, -3.0, 2.0]
2026-04-15 18:16:59,265 [INFO] [2.0, 5.0, 0.0]
2026-04-15 18:16:59,266 [INFO] [0.0, -1.0, -2.0]
2026-04-15 18:16:59,266 [INFO] Determinante: -26.0
2026-04-15 18:16:59,266 [INFO] La matriz es invertible.
2026-04-15 18:16:59,266 [INFO] Inversa:
2026-04-15 18:16:59,267 [INFO] [0.385, 0.308, 0.385]
2026-04-15 18:16:59,267 [INFO] [-0.154, 0.077, -0.154]
2026-04-15 18:16:59,268 [INFO] [0.077, -0.038, -0.423]
2026-04-15 18:16:59,295 [INFO] PROMEDIO PY4J: 0.003629 segundos
2026-04-15 18:16:59,295 [INFO] ====================================
2026-04-15 18:17:00,255 [INFO] ====================================
2026-04-15 18:17:00,255 [INFO] Prueba con matriz C, determinante e inversa con 10 ejecuciones (PY4J)
2026-04-15 18:17:00,261 [INFO] Visualización en Python (Listas):
2026-04-15 18:17:00,262 [INFO] [1.0, -3.0, 2.0]
2026-04-15 18:17:00,263 [INFO] [2.0, 5.0, 0.0]
2026-04-15 18:17:00,263 [INFO] [0.0, -1.0, -2.0]
2026-04-15 18:17:00,264 [INFO] Determinante: -26.0
2026-04-15 18:17:00,264 [INFO] La matriz es invertible.
2026-04-15 18:17:00,264 [INFO] Inversa:
2026-04-15 18:17:00,264 [INFO] [0.385, 0.308, 0.385]
2026-04-15 18:17:00,265 [INFO] [-0.154, 0.077, -0.154]
2026-04-15 18:17:00,266 [INFO] [0.077, -0.038, -0.423]
2026-04-15 18:17:00,300 [INFO] PROMEDIO PY4J: 0.004514 segundos
2026-04-15 18:17:00,300 [INFO] ====================================
2026-04-15 18:17:01,264 [INFO] ====================================
2026-04-15 18:17:01,264 [INFO] Prueba con matriz C, determinante e inversa con 10 ejecuciones (PY4J)
2026-04-15 18:17:01,271 [INFO] Visualización en Python (Listas):
2026-04-15 18:17:01,272 [INFO] [1.0, -3.0, 2.0]
2026-04-15 18:17:01,272 [INFO] [2.0, 5.0, 0.0]
2026-04-15 18:17:01,273 [INFO] [0.0, -1.0, -2.0]
2026-04-15 18:17:01,273 [INFO] Determinante: -26.0
2026-04-15 18:17:01,274 [INFO] La matriz es invertible.
2026-04-15 18:17:01,274 [INFO] Inversa:
2026-04-15 18:17:01,274 [INFO] [0.385, 0.308, 0.385]
2026-04-15 18:17:01,275 [INFO] [-0.154, 0.077, -0.154]
2026-04-15 18:17:01,276 [INFO] [0.077, -0.038, -0.423]
2026-04-15 18:17:01,299 [INFO] PROMEDIO PY4J: 0.003512 segundos
2026-04-15 18:17:01,299 [INFO] ====================================
2026-04-15 18:17:02,276 [INFO] ====================================
2026-04-15 18:17:02,276 [INFO] Prueba con matriz C, determinante e inversa con 10 ejecuciones (PY4J)
2026-04-15 18:17:02,280 [INFO] Visualización en Python (Listas):
2026-04-15 18:17:02,281 [INFO] [1.0, -3.0, 2.0]
2026-04-15 18:17:02,282 [INFO] [2.0, 5.0, 0.0]
2026-04-15 18:17:02,282 [INFO] [0.0, -1.0, -2.0]
2026-04-15 18:17:02,282 [INFO] Determinante: -26.0
2026-04-15 18:17:02,282 [INFO] La matriz es invertible.
2026-04-15 18:17:02,283 [INFO] Inversa:
2026-04-15 18:17:02,283 [INFO] [0.385, 0.308, 0.385]
2026-04-15 18:17:02,284 [INFO] [-0.154, 0.077, -0.154]
2026-04-15 18:17:02,284 [INFO] [0.077, -0.038, -0.423]
2026-04-15 18:17:02,308 [INFO] PROMEDIO PY4J: 0.003148 segundos
2026-04-15 18:17:02,308 [INFO] ====================================2026-04-15 18:36:32,682 [INFO] ====================================
2026-04-15 18:36:32,682 [INFO] Prueba con matriz C, determinante e inversa con 10 ejecuciones (PY4J)
2026-04-15 18:36:32,712 [INFO] Visualización en Python (Listas):
2026-04-15 18:36:32,713 [INFO] [1.0, -3.0, 2.0]
2026-04-15 18:36:32,713 [INFO] [2.0, 5.0, 0.0]
2026-04-15 18:36:32,714 [INFO] [0.0, -1.0, -2.0]
2026-04-15 18:36:32,716 [INFO] Determinante: -26.0
2026-04-15 18:36:32,717 [INFO] La matriz es invertible.
2026-04-15 18:36:32,717 [INFO] Inversa:
2026-04-15 18:36:32,718 [INFO] [0.385, 0.308, 0.385]
2026-04-15 18:36:32,718 [INFO] [-0.154, 0.077, -0.154]
2026-04-15 18:36:32,719 [INFO] [0.077, -0.038, -0.423]
2026-04-15 18:36:32,745 [INFO] PROMEDIO PY4J: 0.006257 segundos
2026-04-15 18:36:32,745 [INFO] ====================================
